192.168.55.172 - - [29/Nov/2020:01:52:07 +0900] "POST /foret/foret/foret_insert.do HTTP/1.1" 404 721
127.0.0.1 - - [29/Nov/2020:01:52:29 +0900] "GET / HTTP/1.1" 404 807
0:0:0:0:0:0:0:1 - - [29/Nov/2020:01:52:29 +0900] "GET /foret/WEB-INF/classes/foret/bean/ForetDTO.java HTTP/1.1" 404 721
192.168.55.172 - - [29/Nov/2020:01:52:35 +0900] "POST /foret/foret/foret_insert.do HTTP/1.1" 200 77
192.168.55.172 - - [29/Nov/2020:01:57:54 +0900] "POST /foret/foret/foret_insert.do HTTP/1.1" 200 79
192.168.55.172 - - [29/Nov/2020:01:58:39 +0900] "POST /foret/foret/foret_modify.do HTTP/1.1" 500 8460
192.168.55.172 - - [29/Nov/2020:01:59:25 +0900] "POST /foret/foret/foret_insert.do HTTP/1.1" 200 79
192.168.55.172 - - [29/Nov/2020:01:59:32 +0900] "POST /foret/foret/foret_insert.do HTTP/1.1" 200 79
192.168.55.172 - - [29/Nov/2020:01:59:45 +0900] "POST /foret/foret/foret_modify.do HTTP/1.1" 500 8460
127.0.0.1 - - [29/Nov/2020:02:01:41 +0900] "GET / HTTP/1.1" 404 807
0:0:0:0:0:0:0:1 - - [29/Nov/2020:02:01:41 +0900] "GET /foret/WEB-INF/classes/foret/controller/ForetController.java HTTP/1.1" 404 721
192.168.55.172 - - [29/Nov/2020:02:01:53 +0900] "POST /foret/foret/foret_modify.do HTTP/1.1" 200 79
192.168.55.172 - - [29/Nov/2020:02:02:05 +0900] "POST /foret/foret/foret_modify.do HTTP/1.1" 200 79
192.168.55.172 - - [29/Nov/2020:02:02:15 +0900] "POST /foret/foret/foret_modify.do HTTP/1.1" 200 77
192.168.55.172 - - [29/Nov/2020:02:02:25 +0900] "POST /foret/foret/foret_modify.do HTTP/1.1" 200 77
192.168.55.172 - - [29/Nov/2020:02:02:35 +0900] "POST /foret/foret/foret_modify.do HTTP/1.1" 200 79
192.168.55.172 - - [29/Nov/2020:02:02:43 +0900] "POST /foret/foret/foret_modify.do HTTP/1.1" 200 83
192.168.55.172 - - [29/Nov/2020:02:14:57 +0900] "POST /foret/foret/foret_delete.do HTTP/1.1" 200 18
127.0.0.1 - - [29/Nov/2020:20:08:59 +0900] "GET / HTTP/1.1" 404 807
0:0:0:0:0:0:0:1 - - [29/Nov/2020:20:08:59 +0900] "GET /foret/WEB-INF/classes/member/controller/MemberController.java HTTP/1.1" 404 721
192.168.55.172 - - [29/Nov/2020:20:09:02 +0900] "POST /foret/board/board_insert.do HTTP/1.1" 500 3739
127.0.0.1 - - [29/Nov/2020:20:11:18 +0900] "GET / HTTP/1.1" 404 807
0:0:0:0:0:0:0:1 - - [29/Nov/2020:20:11:18 +0900] "GET /foret/WEB-INF/classes/board/controller/BoardController.java HTTP/1.1" 404 721
192.168.55.172 - - [29/Nov/2020:20:11:21 +0900] "POST /foret/board/board_insert.do HTTP/1.1" 500 3739
127.0.0.1 - - [29/Nov/2020:20:12:27 +0900] "GET / HTTP/1.1" 404 807
0:0:0:0:0:0:0:1 - - [29/Nov/2020:20:12:28 +0900] "GET /foret/WEB-INF/classes/board/controller/BoardController.java HTTP/1.1" 404 721
192.168.55.172 - - [29/Nov/2020:20:12:32 +0900] "POST /foret/board/board_insert.do HTTP/1.1" 500 9783
127.0.0.1 - - [29/Nov/2020:20:13:08 +0900] "GET / HTTP/1.1" 404 807
0:0:0:0:0:0:0:1 - - [29/Nov/2020:20:13:09 +0900] "GET /foret/WEB-INF/classes/member/controller/MemberController.java HTTP/1.1" 404 721
192.168.55.172 - - [29/Nov/2020:20:13:14 +0900] "POST /foret/board/board_insert.do HTTP/1.1" 500 10408
127.0.0.1 - - [29/Nov/2020:20:14:34 +0900] "GET / HTTP/1.1" 404 807
0:0:0:0:0:0:0:1 - - [29/Nov/2020:20:14:35 +0900] "GET /foret/WEB-INF/classes/board/controller/BoardController.java HTTP/1.1" 404 721
192.168.55.172 - - [29/Nov/2020:20:14:39 +0900] "POST /foret/board/board_insert.do HTTP/1.1" 500 10408
192.168.55.172 - - [29/Nov/2020:20:17:06 +0900] "POST /foret/board/board_insert.do HTTP/1.1" 404 811
192.168.55.172 - - [29/Nov/2020:20:17:25 +0900] "POST /foret/board/board_insert.do HTTP/1.1" 404 811
192.168.55.172 - - [29/Nov/2020:20:17:59 +0900] "POST /foret/board/board_insert.do HTTP/1.1" 200 40
192.168.55.172 - - [29/Nov/2020:20:18:10 +0900] "POST /foret/board/board_insert.do HTTP/1.1" 200 40
192.168.55.172 - - [29/Nov/2020:20:38:37 +0900] "POST /foret/board/board_insert.do HTTP/1.1" 500 9561
127.0.0.1 - - [29/Nov/2020:20:39:28 +0900] "GET / HTTP/1.1" 404 807
0:0:0:0:0:0:0:1 - - [29/Nov/2020:20:39:28 +0900] "GET /foret/WEB-INF/classes/board/controller/BoardController.java HTTP/1.1" 404 721
192.168.55.172 - - [29/Nov/2020:20:39:38 +0900] "POST /foret/board/board_insert.do HTTP/1.1" 500 9627
127.0.0.1 - - [29/Nov/2020:20:41:10 +0900] "GET / HTTP/1.1" 404 807
0:0:0:0:0:0:0:1 - - [29/Nov/2020:20:41:10 +0900] "GET /foret/WEB-INF/classes/board/controller/BoardController.java HTTP/1.1" 404 721
192.168.55.172 - - [29/Nov/2020:20:41:15 +0900] "POST /foret/board/board_insert.do HTTP/1.1" 500 9627
127.0.0.1 - - [29/Nov/2020:20:42:07 +0900] "GET / HTTP/1.1" 404 807
0:0:0:0:0:0:0:1 - - [29/Nov/2020:20:42:08 +0900] "GET /foret/WEB-INF/classes/board/controller/BoardController.java HTTP/1.1" 404 721
192.168.55.172 - - [29/Nov/2020:20:42:23 +0900] "POST /foret/board/board_insert.do HTTP/1.1" 500 10785
127.0.0.1 - - [29/Nov/2020:20:58:28 +0900] "GET / HTTP/1.1" 404 807
0:0:0:0:0:0:0:1 - - [29/Nov/2020:20:58:28 +0900] "GET /foret/WEB-INF/classes/board/controller/BoardController.java HTTP/1.1" 404 721
192.168.55.172 - - [29/Nov/2020:20:58:41 +0900] "POST /foret/board/board_insert.do HTTP/1.1" 200 38
192.168.55.172 - - [29/Nov/2020:20:59:14 +0900] "POST /foret/board/board_insert.do HTTP/1.1" 200 38
192.168.55.172 - - [29/Nov/2020:21:12:48 +0900] "POST /foret/board/board_insert.do HTTP/1.1" 500 9627
127.0.0.1 - - [29/Nov/2020:21:14:38 +0900] "GET / HTTP/1.1" 404 807
0:0:0:0:0:0:0:1 - - [29/Nov/2020:21:14:39 +0900] "GET /foret/WEB-INF/classes/board/controller/BoardController.java HTTP/1.1" 404 721
192.168.55.172 - - [29/Nov/2020:21:14:44 +0900] "POST /foret/board/board_insert.do HTTP/1.1" 500 9627
127.0.0.1 - - [29/Nov/2020:21:15:39 +0900] "GET / HTTP/1.1" 404 807
0:0:0:0:0:0:0:1 - - [29/Nov/2020:21:15:39 +0900] "GET /foret/WEB-INF/classes/board/controller/BoardController.java HTTP/1.1" 404 721
192.168.55.172 - - [29/Nov/2020:21:15:44 +0900] "POST /foret/board/board_insert.do HTTP/1.1" 500 9629
192.168.55.172 - - [29/Nov/2020:21:15:55 +0900] "POST /foret/board/board_insert.do HTTP/1.1" 500 9629
127.0.0.1 - - [29/Nov/2020:21:18:05 +0900] "GET / HTTP/1.1" 404 807
0:0:0:0:0:0:0:1 - - [29/Nov/2020:21:18:05 +0900] "GET /foret/WEB-INF/classes/board/controller/BoardController.java HTTP/1.1" 404 721
192.168.55.172 - - [29/Nov/2020:21:18:09 +0900] "POST /foret/board/board_insert.do HTTP/1.1" 500 9629
192.168.55.172 - - [29/Nov/2020:21:18:15 +0900] "POST /foret/board/board_insert.do HTTP/1.1" 500 9629
192.168.55.172 - - [29/Nov/2020:21:18:33 +0900] "POST /foret/board/board_insert.do HTTP/1.1" 200 38
127.0.0.1 - - [29/Nov/2020:21:19:13 +0900] "GET / HTTP/1.1" 404 807
0:0:0:0:0:0:0:1 - - [29/Nov/2020:21:19:14 +0900] "GET /foret/WEB-INF/classes/board/controller/BoardController.java HTTP/1.1" 404 721
192.168.55.172 - - [29/Nov/2020:21:19:20 +0900] "POST /foret/board/board_insert.do HTTP/1.1" 200 38
192.168.55.172 - - [29/Nov/2020:21:19:23 +0900] "POST /foret/board/board_insert.do HTTP/1.1" 200 38
192.168.55.172 - - [29/Nov/2020:21:19:26 +0900] "POST /foret/board/board_insert.do HTTP/1.1" 200 40
127.0.0.1 - - [29/Nov/2020:23:00:14 +0900] "GET / HTTP/1.1" 404 807
0:0:0:0:0:0:0:1 - - [29/Nov/2020:23:00:15 +0900] "GET /foret/WEB-INF/classes/member/controller/MemberController.java HTTP/1.1" 404 721
192.168.55.172 - - [29/Nov/2020:23:00:19 +0900] "POST /foret/board/board_insert.do HTTP/1.1" 200 40
192.168.55.172 - - [29/Nov/2020:23:07:07 +0900] "POST /foret/board/board_delete.do HTTP/1.1" 500 10791
127.0.0.1 - - [29/Nov/2020:23:08:20 +0900] "GET / HTTP/1.1" 404 807
0:0:0:0:0:0:0:1 - - [29/Nov/2020:23:08:20 +0900] "GET /foret/WEB-INF/classes/board/controller/BoardController.java HTTP/1.1" 404 721
192.168.55.172 - - [29/Nov/2020:23:08:27 +0900] "POST /foret/board/board_delete.do HTTP/1.1" 200 18
192.168.55.172 - - [29/Nov/2020:23:08:35 +0900] "POST /foret/board/board_delete.do HTTP/1.1" 200 18
192.168.55.172 - - [29/Nov/2020:23:09:20 +0900] "POST /foret/board/board_delete.do HTTP/1.1" 200 18
192.168.55.172 - - [29/Nov/2020:23:09:48 +0900] "POST /foret/board/board_insert.do HTTP/1.1" 200 40
192.168.55.172 - - [29/Nov/2020:23:10:23 +0900] "POST /foret/board/board_insert.do HTTP/1.1" 200 38
127.0.0.1 - - [29/Nov/2020:23:28:50 +0900] "GET / HTTP/1.1" 404 807
0:0:0:0:0:0:0:1 - - [29/Nov/2020:23:28:51 +0900] "GET /foret/WEB-INF/classes/board/controller/BoardController.java HTTP/1.1" 404 721
192.168.55.172 - - [29/Nov/2020:23:30:15 +0900] "POST /foret/board/board_modify.do HTTP/1.1" 500 9674
127.0.0.1 - - [29/Nov/2020:23:31:15 +0900] "GET / HTTP/1.1" 404 807
0:0:0:0:0:0:0:1 - - [29/Nov/2020:23:31:16 +0900] "GET /foret/WEB-INF/classes/board/controller/BoardController.java HTTP/1.1" 404 721
192.168.55.172 - - [29/Nov/2020:23:31:19 +0900] "POST /foret/board/board_modify.do HTTP/1.1" 200 40
192.168.55.172 - - [29/Nov/2020:23:31:32 +0900] "POST /foret/board/board_modify.do HTTP/1.1" 200 38
192.168.55.172 - - [29/Nov/2020:23:31:37 +0900] "POST /foret/board/board_modify.do HTTP/1.1" 200 38
192.168.55.172 - - [29/Nov/2020:23:31:44 +0900] "POST /foret/board/board_modify.do HTTP/1.1" 500 16545
192.168.55.172 - - [29/Nov/2020:23:31:54 +0900] "POST /foret/board/board_modify.do HTTP/1.1" 200 40
